------------------------------------------------------------
Timing Analyzer Summary
------------------------------------------------------------

Type  : Slow 1200mV 85C Model Setup 'digitou'
Slack : -4.220
TNS   : -532.272

Type  : Slow 1200mV 85C Model Setup 'ADC_CLK_10'
Slack : -3.653
TNS   : -60.197

Type  : Slow 1200mV 85C Model Hold 'digitou'
Slack : 0.347
TNS   : 0.000

Type  : Slow 1200mV 85C Model Hold 'ADC_CLK_10'
Slack : 0.409
TNS   : 0.000

Type  : Slow 1200mV 85C Model Minimum Pulse Width 'ADC_CLK_10'
Slack : -3.000
TNS   : -39.478

Type  : Slow 1200mV 85C Model Minimum Pulse Width 'digitou'
Slack : -1.403
TNS   : -210.450

Type  : Slow 1200mV 0C Model Setup 'digitou'
Slack : -3.776
TNS   : -479.598

Type  : Slow 1200mV 0C Model Setup 'ADC_CLK_10'
Slack : -3.282
TNS   : -52.920

Type  : Slow 1200mV 0C Model Hold 'digitou'
Slack : 0.312
TNS   : 0.000

Type  : Slow 1200mV 0C Model Hold 'ADC_CLK_10'
Slack : 0.375
TNS   : 0.000

Type  : Slow 1200mV 0C Model Minimum Pulse Width 'ADC_CLK_10'
Slack : -3.000
TNS   : -39.478

Type  : Slow 1200mV 0C Model Minimum Pulse Width 'digitou'
Slack : -1.403
TNS   : -210.450

Type  : Fast 1200mV 0C Model Setup 'digitou'
Slack : -1.368
TNS   : -148.877

Type  : Fast 1200mV 0C Model Setup 'ADC_CLK_10'
Slack : -0.911
TNS   : -11.037

Type  : Fast 1200mV 0C Model Hold 'digitou'
Slack : 0.152
TNS   : 0.000

Type  : Fast 1200mV 0C Model Hold 'ADC_CLK_10'
Slack : 0.163
TNS   : 0.000

Type  : Fast 1200mV 0C Model Minimum Pulse Width 'ADC_CLK_10'
Slack : -3.000
TNS   : -29.879

Type  : Fast 1200mV 0C Model Minimum Pulse Width 'digitou'
Slack : -1.000
TNS   : -150.000

------------------------------------------------------------
