Analysis & Synthesis report for detectorDeDiabetes
Wed Jun 26 20:31:33 2019
Quartus Prime Version 18.1.0 Build 625 09/12/2018 SJ Lite Edition


---------------------
; Table of Contents ;
---------------------
  1. Legal Notice
  2. Analysis & Synthesis Summary
  3. Analysis & Synthesis Settings
  4. Parallel Compilation
  5. Analysis & Synthesis Source Files Read
  6. Analysis & Synthesis Resource Usage Summary
  7. Analysis & Synthesis Resource Utilization by Entity
  8. Registers Removed During Synthesis
  9. Removed Registers Triggering Further Register Optimizations
 10. General Register Statistics
 11. Multiplexer Restructuring Statistics (Restructuring Performed)
 12. Parameter Settings for User Entity Instance: Top-level Entity: |detectorDeDiabetes
 13. Parameter Settings for Inferred Entity Instance: lpm_mult:Mult2
 14. Parameter Settings for Inferred Entity Instance: lpm_mult:Mult1
 15. lpm_mult Parameter Settings by Entity Instance
 16. Port Connectivity Checks: "bcd7seg:digit4"
 17. Port Connectivity Checks: "bcd7seg:digit5"
 18. Post-Synthesis Netlist Statistics for Top Partition
 19. Elapsed Time Per Partition
 20. Analysis & Synthesis Messages



----------------
; Legal Notice ;
----------------
Copyright (C) 2018  Intel Corporation. All rights reserved.
Your use of Intel Corporation's design tools, logic functions 
and other software and tools, and its AMPP partner logic 
functions, and any output files from any of the foregoing 
(including device programming or simulation files), and any 
associated documentation or information are expressly subject 
to the terms and conditions of the Intel Program License 
Subscription Agreement, the Intel Quartus Prime License Agreement,
the Intel FPGA IP License Agreement, or other applicable license
agreement, including, without limitation, that your use is for
the sole purpose of programming logic devices manufactured by
Intel and sold by Intel or its authorized distributors.  Please
refer to the applicable agreement for further details.



+----------------------------------------------------------------------------------+
; Analysis & Synthesis Summary                                                     ;
+------------------------------------+---------------------------------------------+
; Analysis & Synthesis Status        ; Successful - Wed Jun 26 20:31:33 2019       ;
; Quartus Prime Version              ; 18.1.0 Build 625 09/12/2018 SJ Lite Edition ;
; Revision Name                      ; detectorDeDiabetes                          ;
; Top-level Entity Name              ; detectorDeDiabetes                          ;
; Family                             ; MAX 10                                      ;
; Total logic elements               ; 1,204                                       ;
;     Total combinational functions  ; 1,096                                       ;
;     Dedicated logic registers      ; 257                                         ;
; Total registers                    ; 257                                         ;
; Total pins                         ; 65                                          ;
; Total virtual pins                 ; 0                                           ;
; Total memory bits                  ; 0                                           ;
; Embedded Multiplier 9-bit elements ; 0                                           ;
; Total PLLs                         ; 0                                           ;
; UFM blocks                         ; 0                                           ;
; ADC blocks                         ; 0                                           ;
+------------------------------------+---------------------------------------------+


+------------------------------------------------------------------------------------------------------------+
; Analysis & Synthesis Settings                                                                              ;
+------------------------------------------------------------------+--------------------+--------------------+
; Option                                                           ; Setting            ; Default Value      ;
+------------------------------------------------------------------+--------------------+--------------------+
; Device                                                           ; 10M50DAF484C7G     ;                    ;
; Top-level entity name                                            ; detectorDeDiabetes ; detectorDeDiabetes ;
; Family name                                                      ; MAX 10             ; Cyclone V          ;
; Use smart compilation                                            ; Off                ; Off                ;
; Enable parallel Assembler and Timing Analyzer during compilation ; On                 ; On                 ;
; Enable compact report table                                      ; Off                ; Off                ;
; Restructure Multiplexers                                         ; Auto               ; Auto               ;
; Create Debugging Nodes for IP Cores                              ; Off                ; Off                ;
; Preserve fewer node names                                        ; On                 ; On                 ;
; Intel FPGA IP Evaluation Mode                                    ; Enable             ; Enable             ;
; Verilog Version                                                  ; Verilog_2001       ; Verilog_2001       ;
; VHDL Version                                                     ; VHDL_1993          ; VHDL_1993          ;
; State Machine Processing                                         ; Auto               ; Auto               ;
; Safe State Machine                                               ; Off                ; Off                ;
; Extract Verilog State Machines                                   ; On                 ; On                 ;
; Extract VHDL State Machines                                      ; On                 ; On                 ;
; Ignore Verilog initial constructs                                ; Off                ; Off                ;
; Iteration limit for constant Verilog loops                       ; 5000               ; 5000               ;
; Iteration limit for non-constant Verilog loops                   ; 250                ; 250                ;
; Add Pass-Through Logic to Inferred RAMs                          ; On                 ; On                 ;
; Infer RAMs from Raw Logic                                        ; On                 ; On                 ;
; Parallel Synthesis                                               ; On                 ; On                 ;
; DSP Block Balancing                                              ; Auto               ; Auto               ;
; NOT Gate Push-Back                                               ; On                 ; On                 ;
; Power-Up Don't Care                                              ; On                 ; On                 ;
; Remove Redundant Logic Cells                                     ; Off                ; Off                ;
; Remove Duplicate Registers                                       ; On                 ; On                 ;
; Ignore CARRY Buffers                                             ; Off                ; Off                ;
; Ignore CASCADE Buffers                                           ; Off                ; Off                ;
; Ignore GLOBAL Buffers                                            ; Off                ; Off                ;
; Ignore ROW GLOBAL Buffers                                        ; Off                ; Off                ;
; Ignore LCELL Buffers                                             ; Off                ; Off                ;
; Ignore SOFT Buffers                                              ; On                 ; On                 ;
; Limit AHDL Integers to 32 Bits                                   ; Off                ; Off                ;
; Optimization Technique                                           ; Balanced           ; Balanced           ;
; Carry Chain Length                                               ; 70                 ; 70                 ;
; Auto Carry Chains                                                ; On                 ; On                 ;
; Auto Open-Drain Pins                                             ; On                 ; On                 ;
; Perform WYSIWYG Primitive Resynthesis                            ; Off                ; Off                ;
; Auto ROM Replacement                                             ; On                 ; On                 ;
; Auto RAM Replacement                                             ; On                 ; On                 ;
; Auto DSP Block Replacement                                       ; On                 ; On                 ;
; Auto Shift Register Replacement                                  ; Auto               ; Auto               ;
; Allow Shift Register Merging across Hierarchies                  ; Auto               ; Auto               ;
; Auto Clock Enable Replacement                                    ; On                 ; On                 ;
; Strict RAM Replacement                                           ; Off                ; Off                ;
; Allow Synchronous Control Signals                                ; On                 ; On                 ;
; Force Use of Synchronous Clear Signals                           ; Off                ; Off                ;
; Auto RAM Block Balancing                                         ; On                 ; On                 ;
; Auto RAM to Logic Cell Conversion                                ; Off                ; Off                ;
; Auto Resource Sharing                                            ; Off                ; Off                ;
; Allow Any RAM Size For Recognition                               ; Off                ; Off                ;
; Allow Any ROM Size For Recognition                               ; Off                ; Off                ;
; Allow Any Shift Register Size For Recognition                    ; Off                ; Off                ;
; Use LogicLock Constraints during Resource Balancing              ; On                 ; On                 ;
; Ignore translate_off and synthesis_off directives                ; Off                ; Off                ;
; Timing-Driven Synthesis                                          ; On                 ; On                 ;
; Report Parameter Settings                                        ; On                 ; On                 ;
; Report Source Assignments                                        ; On                 ; On                 ;
; Report Connectivity Checks                                       ; On                 ; On                 ;
; Ignore Maximum Fan-Out Assignments                               ; Off                ; Off                ;
; Synchronization Register Chain Length                            ; 2                  ; 2                  ;
; Power Optimization During Synthesis                              ; Normal compilation ; Normal compilation ;
; HDL message level                                                ; Level2             ; Level2             ;
; Suppress Register Optimization Related Messages                  ; Off                ; Off                ;
; Number of Removed Registers Reported in Synthesis Report         ; 5000               ; 5000               ;
; Number of Swept Nodes Reported in Synthesis Report               ; 5000               ; 5000               ;
; Number of Inverted Registers Reported in Synthesis Report        ; 100                ; 100                ;
; Clock MUX Protection                                             ; On                 ; On                 ;
; Auto Gated Clock Conversion                                      ; Off                ; Off                ;
; Block Design Naming                                              ; Auto               ; Auto               ;
; SDC constraint protection                                        ; Off                ; Off                ;
; Synthesis Effort                                                 ; Auto               ; Auto               ;
; Shift Register Replacement - Allow Asynchronous Clear Signal     ; On                 ; On                 ;
; Pre-Mapping Resynthesis Optimization                             ; Off                ; Off                ;
; Analysis & Synthesis Message Level                               ; Medium             ; Medium             ;
; Disable Register Merging Across Hierarchies                      ; Auto               ; Auto               ;
; Resource Aware Inference For Block RAM                           ; On                 ; On                 ;
+------------------------------------------------------------------+--------------------+--------------------+


+------------------------------------------+
; Parallel Compilation                     ;
+----------------------------+-------------+
; Processors                 ; Number      ;
+----------------------------+-------------+
; Number detected on machine ; 8           ;
; Maximum allowed            ; 4           ;
;                            ;             ;
; Average used               ; 1.00        ;
; Maximum used               ; 4           ;
;                            ;             ;
; Usage by Processor         ; % Time Used ;
;     Processor 1            ; 100.0%      ;
;     Processor 2            ;   0.0%      ;
;     Processor 3            ;   0.0%      ;
;     Processor 4            ;   0.0%      ;
+----------------------------+-------------+


+-------------------------------------------------------------------------------------------------------------------------------------------------------------------+
; Analysis & Synthesis Source Files Read                                                                                                                            ;
+----------------------------------+-----------------+------------------------+---------------------------------------------------------------------------+---------+
; File Name with User-Entered Path ; Used in Netlist ; File Type              ; File Name with Absolute Path                                              ; Library ;
+----------------------------------+-----------------+------------------------+---------------------------------------------------------------------------+---------+
; detectorDeDiabetes.v             ; yes             ; User Verilog HDL File  ; E:/Dev/pj-sist-embarcados-2019/detectorDeDiabetes/detectorDeDiabetes.v    ;         ;
; bcd7seg.v                        ; yes             ; User Verilog HDL File  ; E:/Dev/pj-sist-embarcados-2019/detectorDeDiabetes/bcd7seg.v               ;         ;
; lpm_mult.tdf                     ; yes             ; Megafunction           ; c:/intelfpga_lite/18.1/quartus/libraries/megafunctions/lpm_mult.tdf       ;         ;
; aglobal181.inc                   ; yes             ; Megafunction           ; c:/intelfpga_lite/18.1/quartus/libraries/megafunctions/aglobal181.inc     ;         ;
; lpm_add_sub.inc                  ; yes             ; Megafunction           ; c:/intelfpga_lite/18.1/quartus/libraries/megafunctions/lpm_add_sub.inc    ;         ;
; multcore.inc                     ; yes             ; Megafunction           ; c:/intelfpga_lite/18.1/quartus/libraries/megafunctions/multcore.inc       ;         ;
; bypassff.inc                     ; yes             ; Megafunction           ; c:/intelfpga_lite/18.1/quartus/libraries/megafunctions/bypassff.inc       ;         ;
; altshift.inc                     ; yes             ; Megafunction           ; c:/intelfpga_lite/18.1/quartus/libraries/megafunctions/altshift.inc       ;         ;
; multcore.tdf                     ; yes             ; Megafunction           ; c:/intelfpga_lite/18.1/quartus/libraries/megafunctions/multcore.tdf       ;         ;
; csa_add.inc                      ; yes             ; Megafunction           ; c:/intelfpga_lite/18.1/quartus/libraries/megafunctions/csa_add.inc        ;         ;
; mpar_add.inc                     ; yes             ; Megafunction           ; c:/intelfpga_lite/18.1/quartus/libraries/megafunctions/mpar_add.inc       ;         ;
; muleabz.inc                      ; yes             ; Megafunction           ; c:/intelfpga_lite/18.1/quartus/libraries/megafunctions/muleabz.inc        ;         ;
; mul_lfrg.inc                     ; yes             ; Megafunction           ; c:/intelfpga_lite/18.1/quartus/libraries/megafunctions/mul_lfrg.inc       ;         ;
; mul_boothc.inc                   ; yes             ; Megafunction           ; c:/intelfpga_lite/18.1/quartus/libraries/megafunctions/mul_boothc.inc     ;         ;
; alt_ded_mult.inc                 ; yes             ; Megafunction           ; c:/intelfpga_lite/18.1/quartus/libraries/megafunctions/alt_ded_mult.inc   ;         ;
; alt_ded_mult_y.inc               ; yes             ; Megafunction           ; c:/intelfpga_lite/18.1/quartus/libraries/megafunctions/alt_ded_mult_y.inc ;         ;
; dffpipe.inc                      ; yes             ; Megafunction           ; c:/intelfpga_lite/18.1/quartus/libraries/megafunctions/dffpipe.inc        ;         ;
; mpar_add.tdf                     ; yes             ; Megafunction           ; c:/intelfpga_lite/18.1/quartus/libraries/megafunctions/mpar_add.tdf       ;         ;
; altshift.tdf                     ; yes             ; Megafunction           ; c:/intelfpga_lite/18.1/quartus/libraries/megafunctions/altshift.tdf       ;         ;
+----------------------------------+-----------------+------------------------+---------------------------------------------------------------------------+---------+


+-------------------------------------------------------+
; Analysis & Synthesis Resource Usage Summary           ;
+---------------------------------------------+---------+
; Resource                                    ; Usage   ;
+---------------------------------------------+---------+
; Estimated Total logic elements              ; 1,204   ;
;                                             ;         ;
; Total combinational functions               ; 1096    ;
; Logic element usage by number of LUT inputs ;         ;
;     -- 4 input functions                    ; 599     ;
;     -- 3 input functions                    ; 393     ;
;     -- <=2 input functions                  ; 104     ;
;                                             ;         ;
; Logic elements by mode                      ;         ;
;     -- normal mode                          ; 858     ;
;     -- arithmetic mode                      ; 238     ;
;                                             ;         ;
; Total registers                             ; 257     ;
;     -- Dedicated logic registers            ; 257     ;
;     -- I/O registers                        ; 0       ;
;                                             ;         ;
; I/O pins                                    ; 65      ;
;                                             ;         ;
; Embedded Multiplier 9-bit elements          ; 0       ;
;                                             ;         ;
; Maximum fan-out node                        ; digitou ;
; Maximum fan-out                             ; 231     ;
; Total fan-out                               ; 4636    ;
; Average fan-out                             ; 3.12    ;
+---------------------------------------------+---------+


+-----------------------------------------------------------------------------------------------------------------------------------------------------------------------------------------------------------------------------------------------------------------------------+
; Analysis & Synthesis Resource Utilization by Entity                                                                                                                                                                                                                         ;
+----------------------------+---------------------+---------------------------+-------------+------------+--------------+---------+-----------+------+--------------+------------+-------------------------------------------------------+--------------------+--------------+
; Compilation Hierarchy Node ; Combinational ALUTs ; Dedicated Logic Registers ; Memory Bits ; UFM Blocks ; DSP Elements ; DSP 9x9 ; DSP 18x18 ; Pins ; Virtual Pins ; ADC blocks ; Full Hierarchy Name                                   ; Entity Name        ; Library Name ;
+----------------------------+---------------------+---------------------------+-------------+------------+--------------+---------+-----------+------+--------------+------------+-------------------------------------------------------+--------------------+--------------+
; |detectorDeDiabetes        ; 1096 (1046)         ; 257 (257)                 ; 0           ; 0          ; 0            ; 0       ; 0         ; 65   ; 0            ; 0          ; |detectorDeDiabetes                                   ; detectorDeDiabetes ; work         ;
;    |bcd7seg:digit0|        ; 7 (7)               ; 0 (0)                     ; 0           ; 0          ; 0            ; 0       ; 0         ; 0    ; 0            ; 0          ; |detectorDeDiabetes|bcd7seg:digit0                    ; bcd7seg            ; work         ;
;    |bcd7seg:digit1|        ; 7 (7)               ; 0 (0)                     ; 0           ; 0          ; 0            ; 0       ; 0         ; 0    ; 0            ; 0          ; |detectorDeDiabetes|bcd7seg:digit1                    ; bcd7seg            ; work         ;
;    |bcd7seg:digit2|        ; 7 (7)               ; 0 (0)                     ; 0           ; 0          ; 0            ; 0       ; 0         ; 0    ; 0            ; 0          ; |detectorDeDiabetes|bcd7seg:digit2                    ; bcd7seg            ; work         ;
;    |bcd7seg:digit3|        ; 7 (7)               ; 0 (0)                     ; 0           ; 0          ; 0            ; 0       ; 0         ; 0    ; 0            ; 0          ; |detectorDeDiabetes|bcd7seg:digit3                    ; bcd7seg            ; work         ;
;    |bcd7seg:digit5|        ; 7 (7)               ; 0 (0)                     ; 0           ; 0          ; 0            ; 0       ; 0         ; 0    ; 0            ; 0          ; |detectorDeDiabetes|bcd7seg:digit5                    ; bcd7seg            ; work         ;
;    |lpm_mult:Mult1|        ; 6 (0)               ; 0 (0)                     ; 0           ; 0          ; 0            ; 0       ; 0         ; 0    ; 0            ; 0          ; |detectorDeDiabetes|lpm_mult:Mult1                    ; lpm_mult           ; work         ;
;       |multcore:mult_core| ; 6 (6)               ; 0 (0)                     ; 0           ; 0          ; 0            ; 0       ; 0         ; 0    ; 0            ; 0          ; |detectorDeDiabetes|lpm_mult:Mult1|multcore:mult_core ; multcore           ; work         ;
;    |lpm_mult:Mult2|        ; 9 (0)               ; 0 (0)                     ; 0           ; 0          ; 0            ; 0       ; 0         ; 0    ; 0            ; 0          ; |detectorDeDiabetes|lpm_mult:Mult2                    ; lpm_mult           ; work         ;
;       |multcore:mult_core| ; 9 (9)               ; 0 (0)                     ; 0           ; 0          ; 0            ; 0       ; 0         ; 0    ; 0            ; 0          ; |detectorDeDiabetes|lpm_mult:Mult2|multcore:mult_core ; multcore           ; work         ;
+----------------------------+---------------------+---------------------------+-------------+------------+--------------+---------+-----------+------+--------------+------------+-------------------------------------------------------+--------------------+--------------+
Note: For table entries with two numbers listed, the numbers in parentheses indicate the number of resources of the given type used by the specific entity alone. The numbers listed outside of parentheses indicate the total resources of the given type used by the specific entity and all of its sub-entities in the hierarchy.


+--------------------------------------------------------------+
; Registers Removed During Synthesis                           ;
+-----------------------------------------+--------------------+
; Register name                           ; Reason for Removal ;
+-----------------------------------------+--------------------+
; entradas[0][31]                         ; Lost fanout        ;
; entradas[1][31]                         ; Lost fanout        ;
; entradas[2][31]                         ; Lost fanout        ;
; entradas[3][31]                         ; Lost fanout        ;
; entradas[6][31]                         ; Lost fanout        ;
; entradas[4][31]                         ; Lost fanout        ;
; entradas[5][31]                         ; Lost fanout        ;
; entradas[5][30]                         ; Lost fanout        ;
; entradas[4][30]                         ; Lost fanout        ;
; entradas[6][30]                         ; Lost fanout        ;
; entradas[3][30]                         ; Lost fanout        ;
; entradas[2][30]                         ; Lost fanout        ;
; entradas[1][30]                         ; Lost fanout        ;
; entradas[0][30]                         ; Lost fanout        ;
; entradas[5][29]                         ; Lost fanout        ;
; entradas[4][29]                         ; Lost fanout        ;
; entradas[6][29]                         ; Lost fanout        ;
; entradas[3][29]                         ; Lost fanout        ;
; entradas[2][29]                         ; Lost fanout        ;
; entradas[1][29]                         ; Lost fanout        ;
; entradas[0][29]                         ; Lost fanout        ;
; entradas[5][28]                         ; Lost fanout        ;
; entradas[4][28]                         ; Lost fanout        ;
; entradas[6][28]                         ; Lost fanout        ;
; entradas[3][28]                         ; Lost fanout        ;
; entradas[2][28]                         ; Lost fanout        ;
; entradas[1][28]                         ; Lost fanout        ;
; entradas[0][28]                         ; Lost fanout        ;
; entradas[5][27]                         ; Lost fanout        ;
; entradas[4][27]                         ; Lost fanout        ;
; entradas[6][27]                         ; Lost fanout        ;
; entradas[3][27]                         ; Lost fanout        ;
; entradas[2][27]                         ; Lost fanout        ;
; entradas[1][27]                         ; Lost fanout        ;
; entradas[0][27]                         ; Lost fanout        ;
; entradas[5][26]                         ; Lost fanout        ;
; entradas[4][26]                         ; Lost fanout        ;
; entradas[6][26]                         ; Lost fanout        ;
; entradas[3][26]                         ; Lost fanout        ;
; entradas[2][26]                         ; Lost fanout        ;
; entradas[1][26]                         ; Lost fanout        ;
; entradas[0][26]                         ; Lost fanout        ;
; entradas[5][25]                         ; Lost fanout        ;
; entradas[4][25]                         ; Lost fanout        ;
; entradas[6][25]                         ; Lost fanout        ;
; entradas[3][25]                         ; Lost fanout        ;
; entradas[2][25]                         ; Lost fanout        ;
; entradas[1][25]                         ; Lost fanout        ;
; entradas[0][25]                         ; Lost fanout        ;
; entradas[5][24]                         ; Lost fanout        ;
; entradas[4][24]                         ; Lost fanout        ;
; entradas[6][24]                         ; Lost fanout        ;
; entradas[3][24]                         ; Lost fanout        ;
; entradas[2][24]                         ; Lost fanout        ;
; entradas[1][24]                         ; Lost fanout        ;
; entradas[0][24]                         ; Lost fanout        ;
; entradas[5][23]                         ; Lost fanout        ;
; entradas[4][23]                         ; Lost fanout        ;
; entradas[6][23]                         ; Lost fanout        ;
; entradas[3][23]                         ; Lost fanout        ;
; entradas[2][23]                         ; Lost fanout        ;
; entradas[1][23]                         ; Lost fanout        ;
; entradas[0][23]                         ; Lost fanout        ;
; entradas[5][22]                         ; Lost fanout        ;
; entradas[4][22]                         ; Lost fanout        ;
; entradas[6][22]                         ; Lost fanout        ;
; entradas[3][22]                         ; Lost fanout        ;
; entradas[2][22]                         ; Lost fanout        ;
; entradas[1][22]                         ; Lost fanout        ;
; entradas[0][22]                         ; Lost fanout        ;
; entradas[5][21]                         ; Lost fanout        ;
; entradas[4][21]                         ; Lost fanout        ;
; entradas[6][21]                         ; Lost fanout        ;
; entradas[3][21]                         ; Lost fanout        ;
; entradas[2][21]                         ; Lost fanout        ;
; entradas[1][21]                         ; Lost fanout        ;
; entradas[0][21]                         ; Lost fanout        ;
; entradas[5][20]                         ; Lost fanout        ;
; entradas[4][20]                         ; Lost fanout        ;
; entradas[6][20]                         ; Lost fanout        ;
; entradas[3][20]                         ; Lost fanout        ;
; entradas[2][20]                         ; Lost fanout        ;
; entradas[1][20]                         ; Lost fanout        ;
; entradas[0][20]                         ; Lost fanout        ;
; entradas[5][19]                         ; Lost fanout        ;
; entradas[4][19]                         ; Lost fanout        ;
; entradas[6][19]                         ; Lost fanout        ;
; entradas[3][19]                         ; Lost fanout        ;
; entradas[2][19]                         ; Lost fanout        ;
; entradas[1][19]                         ; Lost fanout        ;
; entradas[0][19]                         ; Lost fanout        ;
; entradas[5][18]                         ; Lost fanout        ;
; entradas[4][18]                         ; Lost fanout        ;
; entradas[6][18]                         ; Lost fanout        ;
; entradas[3][18]                         ; Lost fanout        ;
; entradas[2][18]                         ; Lost fanout        ;
; entradas[1][18]                         ; Lost fanout        ;
; entradas[0][18]                         ; Lost fanout        ;
; entradas[5][17]                         ; Lost fanout        ;
; entradas[4][17]                         ; Lost fanout        ;
; entradas[6][17]                         ; Lost fanout        ;
; entradas[3][17]                         ; Lost fanout        ;
; entradas[2][17]                         ; Lost fanout        ;
; entradas[1][17]                         ; Lost fanout        ;
; entradas[0][17]                         ; Lost fanout        ;
; entradas[5][16]                         ; Lost fanout        ;
; entradas[4][16]                         ; Lost fanout        ;
; entradas[6][16]                         ; Lost fanout        ;
; entradas[3][16]                         ; Lost fanout        ;
; entradas[2][16]                         ; Lost fanout        ;
; entradas[1][16]                         ; Lost fanout        ;
; entradas[0][16]                         ; Lost fanout        ;
; Total Number of Removed Registers = 112 ;                    ;
+-----------------------------------------+--------------------+


+-------------------------------------------------------------------------------+
; Removed Registers Triggering Further Register Optimizations                   ;
+-----------------+--------------------+----------------------------------------+
; Register name   ; Reason for Removal ; Registers Removed due to This Register ;
+-----------------+--------------------+----------------------------------------+
; entradas[6][31] ; Lost Fanouts       ; entradas[5][31]                        ;
; entradas[5][30] ; Lost Fanouts       ; entradas[5][29]                        ;
; entradas[5][28] ; Lost Fanouts       ; entradas[5][27]                        ;
; entradas[5][26] ; Lost Fanouts       ; entradas[5][25]                        ;
; entradas[5][24] ; Lost Fanouts       ; entradas[5][23]                        ;
; entradas[5][22] ; Lost Fanouts       ; entradas[5][21]                        ;
; entradas[5][20] ; Lost Fanouts       ; entradas[5][19]                        ;
; entradas[5][18] ; Lost Fanouts       ; entradas[5][17]                        ;
+-----------------+--------------------+----------------------------------------+


+------------------------------------------------------+
; General Register Statistics                          ;
+----------------------------------------------+-------+
; Statistic                                    ; Value ;
+----------------------------------------------+-------+
; Total registers                              ; 257   ;
; Number of registers using Synchronous Clear  ; 1     ;
; Number of registers using Synchronous Load   ; 0     ;
; Number of registers using Asynchronous Clear ; 0     ;
; Number of registers using Asynchronous Load  ; 0     ;
; Number of registers using Clock Enable       ; 243   ;
; Number of registers using Preset             ; 0     ;
+----------------------------------------------+-------+


+-------------------------------------------------------------------------------------------------------------------------------------------------------------+
; Multiplexer Restructuring Statistics (Restructuring Performed)                                                                                              ;
+--------------------+-----------+---------------+----------------------+------------------------+------------+-----------------------------------------------+
; Multiplexer Inputs ; Bus Width ; Baseline Area ; Area if Restructured ; Saving if Restructured ; Registered ; Example Multiplexer Output                    ;
+--------------------+-----------+---------------+----------------------+------------------------+------------+-----------------------------------------------+
; 4:1                ; 98 bits   ; 196 LEs       ; 98 LEs               ; 98 LEs                 ; Yes        ; |detectorDeDiabetes|numeroVetorizado[1][1][3] ;
; 4:1                ; 5 bits    ; 10 LEs        ; 5 LEs                ; 5 LEs                  ; Yes        ; |detectorDeDiabetes|estado[2]                 ;
; 4:1                ; 32 bits   ; 64 LEs        ; 32 LEs               ; 32 LEs                 ; Yes        ; |detectorDeDiabetes|entradas[6][27]           ;
; 5:1                ; 13 bits   ; 39 LEs        ; 26 LEs               ; 13 LEs                 ; Yes        ; |detectorDeDiabetes|numeroVetorizado[6][3][3] ;
; 6:1                ; 16 bits   ; 64 LEs        ; 16 LEs               ; 48 LEs                 ; Yes        ; |detectorDeDiabetes|entradas[0][11]           ;
; 6:1                ; 16 bits   ; 64 LEs        ; 32 LEs               ; 32 LEs                 ; Yes        ; |detectorDeDiabetes|entradas[0][23]           ;
; 6:1                ; 16 bits   ; 64 LEs        ; 16 LEs               ; 48 LEs                 ; Yes        ; |detectorDeDiabetes|entradas[1][12]           ;
; 6:1                ; 16 bits   ; 64 LEs        ; 32 LEs               ; 32 LEs                 ; Yes        ; |detectorDeDiabetes|entradas[1][25]           ;
; 6:1                ; 16 bits   ; 64 LEs        ; 16 LEs               ; 48 LEs                 ; Yes        ; |detectorDeDiabetes|entradas[2][2]            ;
; 6:1                ; 16 bits   ; 64 LEs        ; 32 LEs               ; 32 LEs                 ; Yes        ; |detectorDeDiabetes|entradas[2][24]           ;
; 6:1                ; 16 bits   ; 64 LEs        ; 16 LEs               ; 48 LEs                 ; Yes        ; |detectorDeDiabetes|entradas[3][12]           ;
; 6:1                ; 16 bits   ; 64 LEs        ; 32 LEs               ; 32 LEs                 ; Yes        ; |detectorDeDiabetes|entradas[3][19]           ;
; 6:1                ; 16 bits   ; 64 LEs        ; 16 LEs               ; 48 LEs                 ; Yes        ; |detectorDeDiabetes|entradas[4][5]            ;
; 6:1                ; 16 bits   ; 64 LEs        ; 32 LEs               ; 32 LEs                 ; Yes        ; |detectorDeDiabetes|entradas[4][25]           ;
; 6:1                ; 16 bits   ; 64 LEs        ; 16 LEs               ; 48 LEs                 ; Yes        ; |detectorDeDiabetes|entradas[5][2]            ;
; 6:1                ; 16 bits   ; 64 LEs        ; 32 LEs               ; 32 LEs                 ; Yes        ; |detectorDeDiabetes|entradas[5][21]           ;
; 6:1                ; 2 bits    ; 8 LEs         ; 4 LEs                ; 4 LEs                  ; Yes        ; |detectorDeDiabetes|numeroVetorizado[6][0][1] ;
; 3:1                ; 8 bits    ; 16 LEs        ; 8 LEs                ; 8 LEs                  ; No         ; |detectorDeDiabetes|f                         ;
; 7:1                ; 32 bits   ; 128 LEs       ; 128 LEs              ; 0 LEs                  ; No         ; |detectorDeDiabetes|Mux153                    ;
; 14:1               ; 32 bits   ; 288 LEs       ; 256 LEs              ; 32 LEs                 ; No         ; |detectorDeDiabetes|Mux29                     ;
; 14:1               ; 94 bits   ; 846 LEs       ; 470 LEs              ; 376 LEs                ; No         ; |detectorDeDiabetes|Mux58                     ;
+--------------------+-----------+---------------+----------------------+------------------------+------------+-----------------------------------------------+


+------------------------------------------------------------------------------------+
; Parameter Settings for User Entity Instance: Top-level Entity: |detectorDeDiabetes ;
+-----------------+-------+----------------------------------------------------------+
; Parameter Name  ; Value ; Type                                                     ;
+-----------------+-------+----------------------------------------------------------+
; QtdBitsDecimais ; 16    ; Signed Integer                                           ;
; N               ; 6     ; Signed Integer                                           ;
; Glucose         ; 0     ; Signed Integer                                           ;
; BloodPressure   ; 1     ; Signed Integer                                           ;
; SkinThickness   ; 2     ; Signed Integer                                           ;
; Insulin         ; 3     ; Signed Integer                                           ;
; BMI             ; 4     ; Signed Integer                                           ;
; Age             ; 5     ; Signed Integer                                           ;
; Outcome         ; 6     ; Signed Integer                                           ;
+-----------------+-------+----------------------------------------------------------+
Note: In order to hide this table in the UI and the text report file, please set the "Show Parameter Settings in Synthesis Report" option in "Analysis and Synthesis Settings -> More Settings" to "Off".


+---------------------------------------------------------------------------------+
; Parameter Settings for Inferred Entity Instance: lpm_mult:Mult2                 ;
+------------------------------------------------+----------+---------------------+
; Parameter Name                                 ; Value    ; Type                ;
+------------------------------------------------+----------+---------------------+
; AUTO_CARRY_CHAINS                              ; ON       ; AUTO_CARRY          ;
; IGNORE_CARRY_BUFFERS                           ; OFF      ; IGNORE_CARRY        ;
; AUTO_CASCADE_CHAINS                            ; ON       ; AUTO_CASCADE        ;
; IGNORE_CASCADE_BUFFERS                         ; OFF      ; IGNORE_CASCADE      ;
; LPM_WIDTHA                                     ; 4        ; Untyped             ;
; LPM_WIDTHB                                     ; 10       ; Untyped             ;
; LPM_WIDTHP                                     ; 14       ; Untyped             ;
; LPM_WIDTHR                                     ; 14       ; Untyped             ;
; LPM_WIDTHS                                     ; 1        ; Untyped             ;
; LPM_REPRESENTATION                             ; UNSIGNED ; Untyped             ;
; LPM_PIPELINE                                   ; 0        ; Untyped             ;
; LATENCY                                        ; 0        ; Untyped             ;
; INPUT_A_IS_CONSTANT                            ; NO       ; Untyped             ;
; INPUT_B_IS_CONSTANT                            ; YES      ; Untyped             ;
; USE_EAB                                        ; OFF      ; Untyped             ;
; MAXIMIZE_SPEED                                 ; 6        ; Untyped             ;
; DEVICE_FAMILY                                  ; MAX 10   ; Untyped             ;
; CARRY_CHAIN                                    ; MANUAL   ; Untyped             ;
; APEX20K_TECHNOLOGY_MAPPER                      ; LUT      ; TECH_MAPPER_APEX20K ;
; DEDICATED_MULTIPLIER_CIRCUITRY                 ; AUTO     ; Untyped             ;
; DEDICATED_MULTIPLIER_MIN_INPUT_WIDTH_FOR_AUTO  ; 0        ; Untyped             ;
; DEDICATED_MULTIPLIER_MIN_OUTPUT_WIDTH_FOR_AUTO ; 0        ; Untyped             ;
; CBXI_PARAMETER                                 ; NOTHING  ; Untyped             ;
; INPUT_A_FIXED_VALUE                            ; Bx       ; Untyped             ;
; INPUT_B_FIXED_VALUE                            ; Bx       ; Untyped             ;
; USE_AHDL_IMPLEMENTATION                        ; OFF      ; Untyped             ;
+------------------------------------------------+----------+---------------------+
Note: In order to hide this table in the UI and the text report file, please set the "Show Parameter Settings in Synthesis Report" option in "Analysis and Synthesis Settings -> More Settings" to "Off".


+---------------------------------------------------------------------------------+
; Parameter Settings for Inferred Entity Instance: lpm_mult:Mult1                 ;
+------------------------------------------------+----------+---------------------+
; Parameter Name                                 ; Value    ; Type                ;
+------------------------------------------------+----------+---------------------+
; AUTO_CARRY_CHAINS                              ; ON       ; AUTO_CARRY          ;
; IGNORE_CARRY_BUFFERS                           ; OFF      ; IGNORE_CARRY        ;
; AUTO_CASCADE_CHAINS                            ; ON       ; AUTO_CASCADE        ;
; IGNORE_CASCADE_BUFFERS                         ; OFF      ; IGNORE_CASCADE      ;
; LPM_WIDTHA                                     ; 4        ; Untyped             ;
; LPM_WIDTHB                                     ; 7        ; Untyped             ;
; LPM_WIDTHP                                     ; 11       ; Untyped             ;
; LPM_WIDTHR                                     ; 11       ; Untyped             ;
; LPM_WIDTHS                                     ; 1        ; Untyped             ;
; LPM_REPRESENTATION                             ; UNSIGNED ; Untyped             ;
; LPM_PIPELINE                                   ; 0        ; Untyped             ;
; LATENCY                                        ; 0        ; Untyped             ;
; INPUT_A_IS_CONSTANT                            ; NO       ; Untyped             ;
; INPUT_B_IS_CONSTANT                            ; YES      ; Untyped             ;
; USE_EAB                                        ; OFF      ; Untyped             ;
; MAXIMIZE_SPEED                                 ; 5        ; Untyped             ;
; DEVICE_FAMILY                                  ; MAX 10   ; Untyped             ;
; CARRY_CHAIN                                    ; MANUAL   ; Untyped             ;
; APEX20K_TECHNOLOGY_MAPPER                      ; LUT      ; TECH_MAPPER_APEX20K ;
; DEDICATED_MULTIPLIER_CIRCUITRY                 ; AUTO     ; Untyped             ;
; DEDICATED_MULTIPLIER_MIN_INPUT_WIDTH_FOR_AUTO  ; 0        ; Untyped             ;
; DEDICATED_MULTIPLIER_MIN_OUTPUT_WIDTH_FOR_AUTO ; 0        ; Untyped             ;
; CBXI_PARAMETER                                 ; NOTHING  ; Untyped             ;
; INPUT_A_FIXED_VALUE                            ; Bx       ; Untyped             ;
; INPUT_B_FIXED_VALUE                            ; Bx       ; Untyped             ;
; USE_AHDL_IMPLEMENTATION                        ; OFF      ; Untyped             ;
+------------------------------------------------+----------+---------------------+
Note: In order to hide this table in the UI and the text report file, please set the "Show Parameter Settings in Synthesis Report" option in "Analysis and Synthesis Settings -> More Settings" to "Off".


+--------------------------------------------------------+
; lpm_mult Parameter Settings by Entity Instance         ;
+---------------------------------------+----------------+
; Name                                  ; Value          ;
+---------------------------------------+----------------+
; Number of entity instances            ; 2              ;
; Entity Instance                       ; lpm_mult:Mult2 ;
;     -- LPM_WIDTHA                     ; 4              ;
;     -- LPM_WIDTHB                     ; 10             ;
;     -- LPM_WIDTHP                     ; 14             ;
;     -- LPM_REPRESENTATION             ; UNSIGNED       ;
;     -- INPUT_A_IS_CONSTANT            ; NO             ;
;     -- INPUT_B_IS_CONSTANT            ; YES            ;
;     -- USE_EAB                        ; OFF            ;
;     -- DEDICATED_MULTIPLIER_CIRCUITRY ; AUTO           ;
;     -- INPUT_A_FIXED_VALUE            ; Bx             ;
;     -- INPUT_B_FIXED_VALUE            ; Bx             ;
; Entity Instance                       ; lpm_mult:Mult1 ;
;     -- LPM_WIDTHA                     ; 4              ;
;     -- LPM_WIDTHB                     ; 7              ;
;     -- LPM_WIDTHP                     ; 11             ;
;     -- LPM_REPRESENTATION             ; UNSIGNED       ;
;     -- INPUT_A_IS_CONSTANT            ; NO             ;
;     -- INPUT_B_IS_CONSTANT            ; YES            ;
;     -- USE_EAB                        ; OFF            ;
;     -- DEDICATED_MULTIPLIER_CIRCUITRY ; AUTO           ;
;     -- INPUT_A_FIXED_VALUE            ; Bx             ;
;     -- INPUT_B_FIXED_VALUE            ; Bx             ;
+---------------------------------------+----------------+


+--------------------------------------------+
; Port Connectivity Checks: "bcd7seg:digit4" ;
+------+-------+----------+------------------+
; Port ; Type  ; Severity ; Details          ;
+------+-------+----------+------------------+
; bcd  ; Input ; Info     ; Stuck at GND     ;
+------+-------+----------+------------------+


+------------------------------------------------------------------------------------------------------------------------------------------------------------------------------------------------------------+
; Port Connectivity Checks: "bcd7seg:digit5"                                                                                                                                                                 ;
+------+-------+----------+----------------------------------------------------------------------------------------------------------------------------------------------------------------------------------+
; Port ; Type  ; Severity ; Details                                                                                                                                                                          ;
+------+-------+----------+----------------------------------------------------------------------------------------------------------------------------------------------------------------------------------+
; bcd  ; Input ; Warning  ; Input port expression (5 bits) is wider than the input port (4 bits) it drives.  The 1 most-significant bit(s) in the expression will be dangling if they have no other fanouts. ;
+------+-------+----------+----------------------------------------------------------------------------------------------------------------------------------------------------------------------------------+


+-----------------------------------------------------+
; Post-Synthesis Netlist Statistics for Top Partition ;
+-----------------------+-----------------------------+
; Type                  ; Count                       ;
+-----------------------+-----------------------------+
; boundary_port         ; 65                          ;
; cycloneiii_ff         ; 257                         ;
;     ENA               ; 242                         ;
;     ENA SCLR          ; 1                           ;
;     plain             ; 14                          ;
; cycloneiii_lcell_comb ; 1105                        ;
;     arith             ; 238                         ;
;         2 data inputs ; 45                          ;
;         3 data inputs ; 193                         ;
;     normal            ; 867                         ;
;         0 data inputs ; 4                           ;
;         1 data inputs ; 20                          ;
;         2 data inputs ; 44                          ;
;         3 data inputs ; 200                         ;
;         4 data inputs ; 599                         ;
;                       ;                             ;
; Max LUT depth         ; 17.50                       ;
; Average LUT depth     ; 12.74                       ;
+-----------------------+-----------------------------+


+-------------------------------+
; Elapsed Time Per Partition    ;
+----------------+--------------+
; Partition Name ; Elapsed Time ;
+----------------+--------------+
; Top            ; 00:00:03     ;
+----------------+--------------+


+-------------------------------+
; Analysis & Synthesis Messages ;
+-------------------------------+
Info: *******************************************************************
Info: Running Quartus Prime Analysis & Synthesis
    Info: Version 18.1.0 Build 625 09/12/2018 SJ Lite Edition
    Info: Processing started: Wed Jun 26 20:31:16 2019
Info: Command: quartus_map --read_settings_files=on --write_settings_files=off detectorDeDiabetes -c detectorDeDiabetes
Warning (18236): Number of processors has not been specified which may cause overloading on shared machines.  Set the global assignment NUM_PARALLEL_PROCESSORS in your QSF to an appropriate value for best performance.
Info (20030): Parallel compilation is enabled and will use 4 of the 4 processors detected
Info (12021): Found 1 design units, including 1 entities, in source file detectordediabetes.v
    Info (12023): Found entity 1: detectorDeDiabetes File: E:/Dev/pj-sist-embarcados-2019/detectorDeDiabetes/detectorDeDiabetes.v Line: 1
Info (12021): Found 1 design units, including 1 entities, in source file bcd7seg.v
    Info (12023): Found entity 1: bcd7seg File: E:/Dev/pj-sist-embarcados-2019/detectorDeDiabetes/bcd7seg.v Line: 1
Info (12127): Elaborating entity "detectorDeDiabetes" for the top level hierarchy
Warning (10230): Verilog HDL assignment warning at detectorDeDiabetes.v(186): truncated value with size 32 to match size of target (5) File: E:/Dev/pj-sist-embarcados-2019/detectorDeDiabetes/detectorDeDiabetes.v Line: 186
Warning (10230): Verilog HDL assignment warning at detectorDeDiabetes.v(94): truncated value with size 32 to match size of target (5) File: E:/Dev/pj-sist-embarcados-2019/detectorDeDiabetes/detectorDeDiabetes.v Line: 94
Warning (10230): Verilog HDL assignment warning at detectorDeDiabetes.v(199): truncated value with size 5 to match size of target (4) File: E:/Dev/pj-sist-embarcados-2019/detectorDeDiabetes/detectorDeDiabetes.v Line: 199
Warning (10230): Verilog HDL assignment warning at detectorDeDiabetes.v(60): truncated value with size 32 to match size of target (2) File: E:/Dev/pj-sist-embarcados-2019/detectorDeDiabetes/detectorDeDiabetes.v Line: 60
Warning (10030): Net "mlp.f[6][23..8]" at detectorDeDiabetes.v(81) has no driver or initial value, using a default initial value '0' File: E:/Dev/pj-sist-embarcados-2019/detectorDeDiabetes/detectorDeDiabetes.v Line: 81
Warning (10030): Net "mlp.v[6..7]" at detectorDeDiabetes.v(84) has no driver or initial value, using a default initial value '0' File: E:/Dev/pj-sist-embarcados-2019/detectorDeDiabetes/detectorDeDiabetes.v Line: 84
Info (10008): Verilog HDL or VHDL information: EDA Netlist Writer cannot regroup multidimensional array "mlp.w" into its bus
Info (10008): Verilog HDL or VHDL information: EDA Netlist Writer cannot regroup multidimensional array "numeroVetorizado" into its bus
Info (12128): Elaborating entity "bcd7seg" for hierarchy "bcd7seg:digit5" File: E:/Dev/pj-sist-embarcados-2019/detectorDeDiabetes/detectorDeDiabetes.v Line: 209
Info (278001): Inferred 2 megafunctions from design logic
    Info (278003): Inferred multiplier megafunction ("lpm_mult") from the following logic: "Mult2" File: E:/Dev/pj-sist-embarcados-2019/detectorDeDiabetes/detectorDeDiabetes.v Line: 70
    Info (278003): Inferred multiplier megafunction ("lpm_mult") from the following logic: "Mult1" File: E:/Dev/pj-sist-embarcados-2019/detectorDeDiabetes/detectorDeDiabetes.v Line: 70
Info (12130): Elaborated megafunction instantiation "lpm_mult:Mult2" File: E:/Dev/pj-sist-embarcados-2019/detectorDeDiabetes/detectorDeDiabetes.v Line: 70
Info (12133): Instantiated megafunction "lpm_mult:Mult2" with the following parameter: File: E:/Dev/pj-sist-embarcados-2019/detectorDeDiabetes/detectorDeDiabetes.v Line: 70
    Info (12134): Parameter "LPM_WIDTHA" = "4"
    Info (12134): Parameter "LPM_WIDTHB" = "10"
    Info (12134): Parameter "LPM_WIDTHP" = "14"
    Info (12134): Parameter "LPM_WIDTHR" = "14"
    Info (12134): Parameter "LPM_WIDTHS" = "1"
    Info (12134): Parameter "LPM_REPRESENTATION" = "UNSIGNED"
    Info (12134): Parameter "INPUT_A_IS_CONSTANT" = "NO"
    Info (12134): Parameter "INPUT_B_IS_CONSTANT" = "YES"
    Info (12134): Parameter "MAXIMIZE_SPEED" = "6"
Info (12131): Elaborated megafunction instantiation "lpm_mult:Mult2|multcore:mult_core", which is child of megafunction instantiation "lpm_mult:Mult2" File: c:/intelfpga_lite/18.1/quartus/libraries/megafunctions/lpm_mult.tdf Line: 308
Info (12131): Elaborated megafunction instantiation "lpm_mult:Mult2|multcore:mult_core|mpar_add:padder", which is child of megafunction instantiation "lpm_mult:Mult2" File: c:/intelfpga_lite/18.1/quartus/libraries/megafunctions/multcore.tdf Line: 228
Info (12131): Elaborated megafunction instantiation "lpm_mult:Mult2|altshift:external_latency_ffs", which is child of megafunction instantiation "lpm_mult:Mult2" File: c:/intelfpga_lite/18.1/quartus/libraries/megafunctions/lpm_mult.tdf Line: 351
Info (12130): Elaborated megafunction instantiation "lpm_mult:Mult1" File: E:/Dev/pj-sist-embarcados-2019/detectorDeDiabetes/detectorDeDiabetes.v Line: 70
Info (12133): Instantiated megafunction "lpm_mult:Mult1" with the following parameter: File: E:/Dev/pj-sist-embarcados-2019/detectorDeDiabetes/detectorDeDiabetes.v Line: 70
    Info (12134): Parameter "LPM_WIDTHA" = "4"
    Info (12134): Parameter "LPM_WIDTHB" = "7"
    Info (12134): Parameter "LPM_WIDTHP" = "11"
    Info (12134): Parameter "LPM_WIDTHR" = "11"
    Info (12134): Parameter "LPM_WIDTHS" = "1"
    Info (12134): Parameter "LPM_REPRESENTATION" = "UNSIGNED"
    Info (12134): Parameter "INPUT_A_IS_CONSTANT" = "NO"
    Info (12134): Parameter "INPUT_B_IS_CONSTANT" = "YES"
    Info (12134): Parameter "MAXIMIZE_SPEED" = "5"
Info (12131): Elaborated megafunction instantiation "lpm_mult:Mult1|multcore:mult_core", which is child of megafunction instantiation "lpm_mult:Mult1" File: c:/intelfpga_lite/18.1/quartus/libraries/megafunctions/lpm_mult.tdf Line: 308
Info (12131): Elaborated megafunction instantiation "lpm_mult:Mult1|multcore:mult_core|mpar_add:padder", which is child of megafunction instantiation "lpm_mult:Mult1" File: c:/intelfpga_lite/18.1/quartus/libraries/megafunctions/multcore.tdf Line: 228
Info (12131): Elaborated megafunction instantiation "lpm_mult:Mult1|altshift:external_latency_ffs", which is child of megafunction instantiation "lpm_mult:Mult1" File: c:/intelfpga_lite/18.1/quartus/libraries/megafunctions/lpm_mult.tdf Line: 351
Warning (12241): 1 hierarchies have connectivity warnings - see the Connectivity Checks report folder
Warning (13024): Output pins are stuck at VCC or GND
    Warning (13410): Pin "HEX4[6]" is stuck at VCC File: E:/Dev/pj-sist-embarcados-2019/detectorDeDiabetes/detectorDeDiabetes.v Line: 5
    Warning (13410): Pin "HEX4[5]" is stuck at GND File: E:/Dev/pj-sist-embarcados-2019/detectorDeDiabetes/detectorDeDiabetes.v Line: 5
    Warning (13410): Pin "HEX4[4]" is stuck at GND File: E:/Dev/pj-sist-embarcados-2019/detectorDeDiabetes/detectorDeDiabetes.v Line: 5
    Warning (13410): Pin "HEX4[3]" is stuck at GND File: E:/Dev/pj-sist-embarcados-2019/detectorDeDiabetes/detectorDeDiabetes.v Line: 5
    Warning (13410): Pin "HEX4[2]" is stuck at GND File: E:/Dev/pj-sist-embarcados-2019/detectorDeDiabetes/detectorDeDiabetes.v Line: 5
    Warning (13410): Pin "HEX4[1]" is stuck at GND File: E:/Dev/pj-sist-embarcados-2019/detectorDeDiabetes/detectorDeDiabetes.v Line: 5
    Warning (13410): Pin "HEX4[0]" is stuck at GND File: E:/Dev/pj-sist-embarcados-2019/detectorDeDiabetes/detectorDeDiabetes.v Line: 5
Info (286030): Timing-Driven Synthesis is running
Info (17049): 112 registers lost all their fanouts during netlist optimizations.
Info (17016): Found the following redundant logic cells in design
    Info (17048): Logic cell "Add17~6" File: E:/Dev/pj-sist-embarcados-2019/detectorDeDiabetes/detectorDeDiabetes.v Line: 121
    Info (17048): Logic cell "Add17~8" File: E:/Dev/pj-sist-embarcados-2019/detectorDeDiabetes/detectorDeDiabetes.v Line: 121
Warning (20013): Ignored 24 assignments for entity "DE10_LITE_Default" -- entity does not exist in design
    Warning (20014): Assignment for entity set_instance_assignment -name PARTITION_HIERARCHY root_partition -to | -entity DE10_LITE_Default -section_id Top was ignored
    Warning (20014): Assignment for entity set_global_assignment -name PARTITION_NETLIST_TYPE SOURCE -entity DE10_LITE_Default -section_id Top was ignored
    Warning (20014): Assignment for entity set_global_assignment -name PARTITION_FITTER_PRESERVATION_LEVEL PLACEMENT_AND_ROUTING -entity DE10_LITE_Default -section_id Top was ignored
    Warning (20014): Assignment for entity set_global_assignment -name PARTITION_PRESERVE_HIGH_SPEED_TILES ON -entity DE10_LITE_Default -section_id Top was ignored
    Warning (20014): Assignment for entity set_global_assignment -name PARTITION_IGNORE_SOURCE_FILE_CHANGES OFF -entity DE10_LITE_Default -section_id Top was ignored
    Warning (20014): Assignment for entity set_global_assignment -name PARTITION_ALWAYS_USE_QXP_NETLIST OFF -entity DE10_LITE_Default -section_id Top was ignored
    Warning (20014): Assignment for entity set_global_assignment -name PARTITION_COLOR 16764057 -entity DE10_LITE_Default -section_id Top was ignored
    Warning (20014): Assignment for entity set_global_assignment -name PARTITION_IMPORT_ASSIGNMENTS ON -entity DE10_LITE_Default -section_id Top was ignored
    Warning (20014): Assignment for entity set_global_assignment -name PARTITION_IMPORT_EXISTING_ASSIGNMENTS REPLACE_CONFLICTING -entity DE10_LITE_Default -section_id Top was ignored
    Warning (20014): Assignment for entity set_global_assignment -name PARTITION_IMPORT_EXISTING_LOGICLOCK_REGIONS UPDATE_CONFLICTING -entity DE10_LITE_Default -section_id Top was ignored
    Warning (20014): Assignment for entity set_global_assignment -name PARTITION_IMPORT_PIN_ASSIGNMENTS ON -entity DE10_LITE_Default -section_id Top was ignored
    Warning (20014): Assignment for entity set_global_assignment -name PARTITION_IMPORT_PROMOTE_ASSIGNMENTS ON -entity DE10_LITE_Default -section_id Top was ignored
    Warning (20014): Assignment for entity set_global_assignment -name PARTITION_TYPE STANDARD_PARTITION -entity DE10_LITE_Default -section_id Top was ignored
    Warning (20014): Assignment for entity set_global_assignment -name ALLOW_MULTIPLE_PERSONAS OFF -entity DE10_LITE_Default -section_id Top was ignored
    Warning (20014): Assignment for entity set_global_assignment -name PARTITION_ASD_REGION_ID 1 -entity DE10_LITE_Default -section_id Top was ignored
    Warning (20014): Assignment for entity set_global_assignment -name CROSS_BOUNDARY_OPTIMIZATIONS OFF -entity DE10_LITE_Default -section_id Top was ignored
    Warning (20014): Assignment for entity set_global_assignment -name PROPAGATE_CONSTANTS_ON_INPUTS ON -entity DE10_LITE_Default -section_id Top was ignored
    Warning (20014): Assignment for entity set_global_assignment -name PROPAGATE_INVERSIONS_ON_INPUTS ON -entity DE10_LITE_Default -section_id Top was ignored
    Warning (20014): Assignment for entity set_global_assignment -name REMOVE_LOGIC_ON_UNCONNECTED_OUTPUTS ON -entity DE10_LITE_Default -section_id Top was ignored
    Warning (20014): Assignment for entity set_global_assignment -name MERGE_EQUIVALENT_INPUTS ON -entity DE10_LITE_Default -section_id Top was ignored
    Warning (20014): Assignment for entity set_global_assignment -name MERGE_EQUIVALENT_BIDIRS ON -entity DE10_LITE_Default -section_id Top was ignored
    Warning (20014): Assignment for entity set_global_assignment -name ABSORB_PATHS_FROM_OUTPUTS_TO_INPUTS ON -entity DE10_LITE_Default -section_id Top was ignored
    Warning (20014): Assignment for entity set_global_assignment -name PARTITION_EXTRACT_HARD_BLOCK_NODES ON -entity DE10_LITE_Default -section_id Top was ignored
    Warning (20014): Assignment for entity set_global_assignment -name PARTITION_ENABLE_STRICT_PRESERVATION OFF -entity DE10_LITE_Default -section_id Top was ignored
Info (16010): Generating hard_block partition "hard_block:auto_generated_inst"
    Info (16011): Adding 0 node(s), including 0 DDIO, 0 PLL, 0 transceiver and 0 LCELL
Info (21057): Implemented 1300 device resources after synthesis - the final resource count might be different
    Info (21058): Implemented 13 input pins
    Info (21059): Implemented 52 output pins
    Info (21061): Implemented 1235 logic cells
Info: Quartus Prime Analysis & Synthesis was successful. 0 errors, 41 warnings
    Info: Peak virtual memory: 4811 megabytes
    Info: Processing ended: Wed Jun 26 20:31:33 2019
    Info: Elapsed time: 00:00:17
    Info: Total CPU time (on all processors): 00:00:31


