------------------------------------------------------------
Timing Analyzer Summary
------------------------------------------------------------

Type  : Slow 1200mV 85C Model Setup 'digitou'
Slack : -16.963
TNS   : -2256.773

Type  : Slow 1200mV 85C Model Setup 'ADC_CLK_10'
Slack : -4.478
TNS   : -68.647

Type  : Slow 1200mV 85C Model Hold 'digitou'
Slack : 0.340
TNS   : 0.000

Type  : Slow 1200mV 85C Model Hold 'ADC_CLK_10'
Slack : 0.401
TNS   : 0.000

Type  : Slow 1200mV 85C Model Minimum Pulse Width 'ADC_CLK_10'
Slack : -3.000
TNS   : -39.478

Type  : Slow 1200mV 85C Model Minimum Pulse Width 'digitou'
Slack : -1.403
TNS   : -324.093

Type  : Slow 1200mV 0C Model Setup 'digitou'
Slack : -15.503
TNS   : -2066.653

Type  : Slow 1200mV 0C Model Setup 'ADC_CLK_10'
Slack : -4.017
TNS   : -60.322

Type  : Slow 1200mV 0C Model Hold 'digitou'
Slack : 0.305
TNS   : 0.000

Type  : Slow 1200mV 0C Model Hold 'ADC_CLK_10'
Slack : 0.369
TNS   : 0.000

Type  : Slow 1200mV 0C Model Minimum Pulse Width 'ADC_CLK_10'
Slack : -3.000
TNS   : -39.478

Type  : Slow 1200mV 0C Model Minimum Pulse Width 'digitou'
Slack : -1.403
TNS   : -324.093

Type  : Fast 1200mV 0C Model Setup 'digitou'
Slack : -6.600
TNS   : -844.700

Type  : Fast 1200mV 0C Model Setup 'ADC_CLK_10'
Slack : -1.252
TNS   : -14.323

Type  : Fast 1200mV 0C Model Hold 'digitou'
Slack : 0.148
TNS   : 0.000

Type  : Fast 1200mV 0C Model Hold 'ADC_CLK_10'
Slack : 0.158
TNS   : 0.000

Type  : Fast 1200mV 0C Model Minimum Pulse Width 'ADC_CLK_10'
Slack : -3.000
TNS   : -29.766

Type  : Fast 1200mV 0C Model Minimum Pulse Width 'digitou'
Slack : -1.000
TNS   : -231.000

------------------------------------------------------------
